DEBUG - 2025-11-04 16:03:03 --> Session: Class initialized using 'CodeIgniter\Session\Handlers\DatabaseHandler' driver.
DEBUG - 2025-11-04 16:03:04 --> Session: Class initialized using 'CodeIgniter\Session\Handlers\DatabaseHandler' driver.
DEBUG - 2025-11-04 16:03:05 --> Session: Class initialized using 'CodeIgniter\Session\Handlers\DatabaseHandler' driver.
DEBUG - 2025-11-04 16:03:05 --> Session: Class initialized using 'CodeIgniter\Session\Handlers\DatabaseHandler' driver.
DEBUG - 2025-11-04 16:03:07 --> Session: Class initialized using 'CodeIgniter\Session\Handlers\DatabaseHandler' driver.
DEBUG - 2025-11-04 16:03:07 --> Session: Class initialized using 'CodeIgniter\Session\Handlers\DatabaseHandler' driver.
DEBUG - 2025-11-04 16:03:09 --> Session: Class initialized using 'CodeIgniter\Session\Handlers\DatabaseHandler' driver.
DEBUG - 2025-11-04 16:03:09 --> ROLE CHECK: Array
(
    [__ci_last_regenerate] => 1762252383
    [_ci_previous_url] => http://localhost/bhaviclients/index.php/dashboard
    [user_id] => 1
    [first_name] => bhavi pvt
    [last_name] => creations
    [email] =>  
    [role_id] => 1
    [role_name] => Admin
    [client_id] => 
    [employee_id] => 
    [isLoggedIn] => 1
)

DEBUG - 2025-11-04 16:03:12 --> Session: Class initialized using 'CodeIgniter\Session\Handlers\DatabaseHandler' driver.
DEBUG - 2025-11-04 16:03:12 --> ROLE CHECK: Array
(
    [__ci_last_regenerate] => 1762252383
    [_ci_previous_url] => http://localhost/bhaviclients/index.php/department
    [user_id] => 1
    [first_name] => bhavi pvt
    [last_name] => creations
    [email] =>  
    [role_id] => 1
    [role_name] => Admin
    [client_id] => 
    [employee_id] => 
    [isLoggedIn] => 1
)

DEBUG - 2025-11-04 16:05:50 --> Session: Class initialized using 'CodeIgniter\Session\Handlers\DatabaseHandler' driver.
DEBUG - 2025-11-04 16:05:50 --> ROLE CHECK: Array
(
    [__ci_last_regenerate] => 1762252383
    [_ci_previous_url] => http://localhost/bhaviclients/index.php/department/create
    [user_id] => 1
    [first_name] => bhavi pvt
    [last_name] => creations
    [email] =>  
    [role_id] => 1
    [role_name] => Admin
    [client_id] => 
    [employee_id] => 
    [isLoggedIn] => 1
)

DEBUG - 2025-11-04 16:09:51 --> Session: Class initialized using 'CodeIgniter\Session\Handlers\DatabaseHandler' driver.
DEBUG - 2025-11-04 16:09:51 --> ROLE CHECK: Array
(
    [__ci_last_regenerate] => 1762252791
    [_ci_previous_url] => http://localhost/bhaviclients/index.php/department/bango
    [user_id] => 1
    [first_name] => bhavi pvt
    [last_name] => creations
    [email] =>  
    [role_id] => 1
    [role_name] => Admin
    [client_id] => 
    [employee_id] => 
    [isLoggedIn] => 1
)

DEBUG - 2025-11-04 16:52:11 --> Session: Class initialized using 'CodeIgniter\Session\Handlers\DatabaseHandler' driver.
DEBUG - 2025-11-04 16:52:11 --> ROLE CHECK: Array
(
    [__ci_last_regenerate] => 1762255331
    [_ci_previous_url] => http://localhost/bhaviclients/index.php/department/create
    [user_id] => 1
    [first_name] => bhavi pvt
    [last_name] => creations
    [email] =>  
    [role_id] => 1
    [role_name] => Admin
    [client_id] => 
    [employee_id] => 
    [isLoggedIn] => 1
)

DEBUG - 2025-11-04 16:52:27 --> Session: Class initialized using 'CodeIgniter\Session\Handlers\DatabaseHandler' driver.
DEBUG - 2025-11-04 16:52:27 --> ROLE CHECK: Array
(
    [__ci_last_regenerate] => 1762255331
    [_ci_previous_url] => http://localhost/bhaviclients/index.php/department
    [user_id] => 1
    [first_name] => bhavi pvt
    [last_name] => creations
    [email] =>  
    [role_id] => 1
    [role_name] => Admin
    [client_id] => 
    [employee_id] => 
    [isLoggedIn] => 1
)

DEBUG - 2025-11-04 16:52:40 --> Session: Class initialized using 'CodeIgniter\Session\Handlers\DatabaseHandler' driver.
DEBUG - 2025-11-04 16:52:40 --> ROLE CHECK: Array
(
    [__ci_last_regenerate] => 1762255331
    [_ci_previous_url] => http://localhost/bhaviclients/index.php/department/index
    [user_id] => 1
    [first_name] => bhavi pvt
    [last_name] => creations
    [email] =>  
    [role_id] => 1
    [role_name] => Admin
    [client_id] => 
    [employee_id] => 
    [isLoggedIn] => 1
)

DEBUG - 2025-11-04 16:55:18 --> Session: Class initialized using 'CodeIgniter\Session\Handlers\DatabaseHandler' driver.
DEBUG - 2025-11-04 16:55:18 --> ROLE CHECK: Array
(
    [__ci_last_regenerate] => 1762255331
    [_ci_previous_url] => http://localhost/bhaviclients/index.php/department
    [user_id] => 1
    [first_name] => bhavi pvt
    [last_name] => creations
    [email] =>  
    [role_id] => 1
    [role_name] => Admin
    [client_id] => 
    [employee_id] => 
    [isLoggedIn] => 1
)

DEBUG - 2025-11-04 16:56:15 --> Session: Class initialized using 'CodeIgniter\Session\Handlers\DatabaseHandler' driver.
DEBUG - 2025-11-04 16:56:15 --> ROLE CHECK: Array
(
    [__ci_last_regenerate] => 1762255331
    [_ci_previous_url] => http://localhost/bhaviclients/index.php/department/create
    [user_id] => 1
    [first_name] => bhavi pvt
    [last_name] => creations
    [email] =>  
    [role_id] => 1
    [role_name] => Admin
    [client_id] => 
    [employee_id] => 
    [isLoggedIn] => 1
)

DEBUG - 2025-11-04 17:03:02 --> Session: Class initialized using 'CodeIgniter\Session\Handlers\DatabaseHandler' driver.
DEBUG - 2025-11-04 17:03:02 --> ROLE CHECK: Array
(
    [__ci_last_regenerate] => 1762255982
    [_ci_previous_url] => http://localhost/bhaviclients/index.php/department/store
    [user_id] => 1
    [first_name] => bhavi pvt
    [last_name] => creations
    [email] =>  
    [role_id] => 1
    [role_name] => Admin
    [client_id] => 
    [employee_id] => 
    [isLoggedIn] => 1
)

DEBUG - 2025-11-04 17:03:33 --> Session: Class initialized using 'CodeIgniter\Session\Handlers\DatabaseHandler' driver.
DEBUG - 2025-11-04 17:03:34 --> ROLE CHECK: Array
(
    [__ci_last_regenerate] => 1762255982
    [_ci_previous_url] => http://localhost/bhaviclients/index.php/department
    [user_id] => 1
    [first_name] => bhavi pvt
    [last_name] => creations
    [email] =>  
    [role_id] => 1
    [role_name] => Admin
    [client_id] => 
    [employee_id] => 
    [isLoggedIn] => 1
)

DEBUG - 2025-11-04 17:03:35 --> Session: Class initialized using 'CodeIgniter\Session\Handlers\DatabaseHandler' driver.
DEBUG - 2025-11-04 17:03:38 --> Session: Class initialized using 'CodeIgniter\Session\Handlers\DatabaseHandler' driver.
DEBUG - 2025-11-04 17:03:38 --> ROLE CHECK: Array
(
    [__ci_last_regenerate] => 1762255982
    [_ci_previous_url] => http://localhost/bhaviclients/index.php/client
    [user_id] => 1
    [first_name] => bhavi pvt
    [last_name] => creations
    [email] =>  
    [role_id] => 1
    [role_name] => Admin
    [client_id] => 
    [employee_id] => 
    [isLoggedIn] => 1
)

DEBUG - 2025-11-04 17:03:46 --> Session: Class initialized using 'CodeIgniter\Session\Handlers\DatabaseHandler' driver.
DEBUG - 2025-11-04 17:03:47 --> Session: Class initialized using 'CodeIgniter\Session\Handlers\DatabaseHandler' driver.
DEBUG - 2025-11-04 17:03:54 --> Session: Class initialized using 'CodeIgniter\Session\Handlers\DatabaseHandler' driver.
DEBUG - 2025-11-04 17:03:54 --> ROLE CHECK: Array
(
    [__ci_last_regenerate] => 1762255982
    [_ci_previous_url] => http://localhost/bhaviclients/index.php/dashboard
    [user_id] => 1
    [first_name] => bhavi pvt
    [last_name] => creations
    [email] =>  
    [role_id] => 1
    [role_name] => Admin
    [client_id] => 
    [employee_id] => 
    [isLoggedIn] => 1
)

DEBUG - 2025-11-04 17:10:57 --> Session: Class initialized using 'CodeIgniter\Session\Handlers\DatabaseHandler' driver.
DEBUG - 2025-11-04 17:10:57 --> ROLE CHECK: Array
(
    [__ci_last_regenerate] => 1762256457
    [_ci_previous_url] => http://localhost/bhaviclients/index.php/department
    [user_id] => 1
    [first_name] => bhavi pvt
    [last_name] => creations
    [email] =>  
    [role_id] => 1
    [role_name] => Admin
    [client_id] => 
    [employee_id] => 
    [isLoggedIn] => 1
)

DEBUG - 2025-11-04 17:11:06 --> Session: Class initialized using 'CodeIgniter\Session\Handlers\DatabaseHandler' driver.
DEBUG - 2025-11-04 17:11:06 --> ROLE CHECK: Array
(
    [__ci_last_regenerate] => 1762256457
    [_ci_previous_url] => http://localhost/bhaviclients/index.php/department/create
    [user_id] => 1
    [first_name] => bhavi pvt
    [last_name] => creations
    [email] =>  
    [role_id] => 1
    [role_name] => Admin
    [client_id] => 
    [employee_id] => 
    [isLoggedIn] => 1
)

DEBUG - 2025-11-04 17:11:18 --> Session: Class initialized using 'CodeIgniter\Session\Handlers\DatabaseHandler' driver.
DEBUG - 2025-11-04 17:11:18 --> ROLE CHECK: Array
(
    [__ci_last_regenerate] => 1762256457
    [_ci_previous_url] => http://localhost/bhaviclients/index.php/department/store
    [user_id] => 1
    [first_name] => bhavi pvt
    [last_name] => creations
    [email] =>  
    [role_id] => 1
    [role_name] => Admin
    [client_id] => 
    [employee_id] => 
    [isLoggedIn] => 1
)

DEBUG - 2025-11-04 17:11:33 --> Session: Class initialized using 'CodeIgniter\Session\Handlers\DatabaseHandler' driver.
DEBUG - 2025-11-04 17:11:33 --> ROLE CHECK: Array
(
    [__ci_last_regenerate] => 1762256457
    [_ci_previous_url] => http://localhost/bhaviclients/index.php/department/create
    [user_id] => 1
    [first_name] => bhavi pvt
    [last_name] => creations
    [email] =>  
    [role_id] => 1
    [role_name] => Admin
    [client_id] => 
    [employee_id] => 
    [isLoggedIn] => 1
)

DEBUG - 2025-11-04 17:17:49 --> Session: Class initialized using 'CodeIgniter\Session\Handlers\DatabaseHandler' driver.
DEBUG - 2025-11-04 17:17:49 --> ROLE CHECK: Array
(
    [__ci_last_regenerate] => 1762256869
    [_ci_previous_url] => http://localhost/bhaviclients/index.php/department/create
    [user_id] => 1
    [first_name] => bhavi pvt
    [last_name] => creations
    [email] =>  
    [role_id] => 1
    [role_name] => Admin
    [client_id] => 
    [employee_id] => 
    [isLoggedIn] => 1
)

DEBUG - 2025-11-04 17:18:43 --> Session: Class initialized using 'CodeIgniter\Session\Handlers\DatabaseHandler' driver.
DEBUG - 2025-11-04 17:18:43 --> ROLE CHECK: Array
(
    [__ci_last_regenerate] => 1762256869
    [_ci_previous_url] => http://localhost/bhaviclients/index.php/department
    [user_id] => 1
    [first_name] => bhavi pvt
    [last_name] => creations
    [email] =>  
    [role_id] => 1
    [role_name] => Admin
    [client_id] => 
    [employee_id] => 
    [isLoggedIn] => 1
)

DEBUG - 2025-11-04 17:27:25 --> Session: Class initialized using 'CodeIgniter\Session\Handlers\DatabaseHandler' driver.
DEBUG - 2025-11-04 17:27:25 --> ROLE CHECK: Array
(
    [__ci_last_regenerate] => 1762257445
    [_ci_previous_url] => http://localhost/bhaviclients/index.php/department/create
    [user_id] => 1
    [first_name] => bhavi pvt
    [last_name] => creations
    [email] =>  
    [role_id] => 1
    [role_name] => Admin
    [client_id] => 
    [employee_id] => 
    [isLoggedIn] => 1
)

DEBUG - 2025-11-04 17:27:28 --> Session: Class initialized using 'CodeIgniter\Session\Handlers\DatabaseHandler' driver.
DEBUG - 2025-11-04 17:27:31 --> Session: Class initialized using 'CodeIgniter\Session\Handlers\DatabaseHandler' driver.
DEBUG - 2025-11-04 17:27:55 --> Session: Class initialized using 'CodeIgniter\Session\Handlers\DatabaseHandler' driver.
DEBUG - 2025-11-04 17:27:55 --> Session: Class initialized using 'CodeIgniter\Session\Handlers\DatabaseHandler' driver.
DEBUG - 2025-11-04 17:27:58 --> Session: Class initialized using 'CodeIgniter\Session\Handlers\DatabaseHandler' driver.
DEBUG - 2025-11-04 17:27:58 --> Session: Class initialized using 'CodeIgniter\Session\Handlers\DatabaseHandler' driver.
DEBUG - 2025-11-04 17:28:00 --> Session: Class initialized using 'CodeIgniter\Session\Handlers\DatabaseHandler' driver.
DEBUG - 2025-11-04 17:28:00 --> Session: Class initialized using 'CodeIgniter\Session\Handlers\DatabaseHandler' driver.
DEBUG - 2025-11-04 17:28:02 --> Session: Class initialized using 'CodeIgniter\Session\Handlers\DatabaseHandler' driver.
DEBUG - 2025-11-04 17:28:02 --> Session: Class initialized using 'CodeIgniter\Session\Handlers\DatabaseHandler' driver.
DEBUG - 2025-11-04 17:28:05 --> Session: Class initialized using 'CodeIgniter\Session\Handlers\DatabaseHandler' driver.
DEBUG - 2025-11-04 17:28:06 --> Session: Class initialized using 'CodeIgniter\Session\Handlers\DatabaseHandler' driver.
DEBUG - 2025-11-04 17:28:08 --> Session: Class initialized using 'CodeIgniter\Session\Handlers\DatabaseHandler' driver.
DEBUG - 2025-11-04 17:28:08 --> Session: Class initialized using 'CodeIgniter\Session\Handlers\DatabaseHandler' driver.
DEBUG - 2025-11-04 17:31:17 --> Session: Class initialized using 'CodeIgniter\Session\Handlers\DatabaseHandler' driver.
DEBUG - 2025-11-04 17:31:21 --> Session: Class initialized using 'CodeIgniter\Session\Handlers\DatabaseHandler' driver.
DEBUG - 2025-11-04 17:31:21 --> Session: Class initialized using 'CodeIgniter\Session\Handlers\DatabaseHandler' driver.
DEBUG - 2025-11-04 17:31:40 --> Session: Class initialized using 'CodeIgniter\Session\Handlers\DatabaseHandler' driver.
DEBUG - 2025-11-04 17:31:42 --> Session: Class initialized using 'CodeIgniter\Session\Handlers\DatabaseHandler' driver.
DEBUG - 2025-11-04 17:31:42 --> Session: Class initialized using 'CodeIgniter\Session\Handlers\DatabaseHandler' driver.
DEBUG - 2025-11-04 17:31:57 --> Session: Class initialized using 'CodeIgniter\Session\Handlers\DatabaseHandler' driver.
DEBUG - 2025-11-04 17:31:59 --> Session: Class initialized using 'CodeIgniter\Session\Handlers\DatabaseHandler' driver.
DEBUG - 2025-11-04 17:31:59 --> Session: Class initialized using 'CodeIgniter\Session\Handlers\DatabaseHandler' driver.
DEBUG - 2025-11-04 17:32:01 --> Session: Class initialized using 'CodeIgniter\Session\Handlers\DatabaseHandler' driver.
DEBUG - 2025-11-04 17:32:02 --> Session: Class initialized using 'CodeIgniter\Session\Handlers\DatabaseHandler' driver.
DEBUG - 2025-11-04 17:32:02 --> Session: Class initialized using 'CodeIgniter\Session\Handlers\DatabaseHandler' driver.
DEBUG - 2025-11-04 17:33:16 --> Session: Class initialized using 'CodeIgniter\Session\Handlers\DatabaseHandler' driver.
DEBUG - 2025-11-04 17:33:17 --> Session: Class initialized using 'CodeIgniter\Session\Handlers\DatabaseHandler' driver.
DEBUG - 2025-11-04 17:33:17 --> Session: Class initialized using 'CodeIgniter\Session\Handlers\DatabaseHandler' driver.
DEBUG - 2025-11-04 17:33:20 --> Session: Class initialized using 'CodeIgniter\Session\Handlers\DatabaseHandler' driver.
DEBUG - 2025-11-04 17:33:20 --> Session: Class initialized using 'CodeIgniter\Session\Handlers\DatabaseHandler' driver.
DEBUG - 2025-11-04 17:37:07 --> Session: Class initialized using 'CodeIgniter\Session\Handlers\DatabaseHandler' driver.
DEBUG - 2025-11-04 17:37:10 --> Session: Class initialized using 'CodeIgniter\Session\Handlers\DatabaseHandler' driver.
DEBUG - 2025-11-04 17:37:10 --> Session: Class initialized using 'CodeIgniter\Session\Handlers\DatabaseHandler' driver.
DEBUG - 2025-11-04 17:38:37 --> Session: Class initialized using 'CodeIgniter\Session\Handlers\DatabaseHandler' driver.
DEBUG - 2025-11-04 17:38:39 --> Session: Class initialized using 'CodeIgniter\Session\Handlers\DatabaseHandler' driver.
DEBUG - 2025-11-04 17:38:39 --> Session: Class initialized using 'CodeIgniter\Session\Handlers\DatabaseHandler' driver.
DEBUG - 2025-11-04 17:41:16 --> Session: Class initialized using 'CodeIgniter\Session\Handlers\DatabaseHandler' driver.
DEBUG - 2025-11-04 17:41:17 --> Session: Class initialized using 'CodeIgniter\Session\Handlers\DatabaseHandler' driver.
DEBUG - 2025-11-04 17:41:55 --> Session: Class initialized using 'CodeIgniter\Session\Handlers\DatabaseHandler' driver.
DEBUG - 2025-11-04 17:41:56 --> Session: Class initialized using 'CodeIgniter\Session\Handlers\DatabaseHandler' driver.
DEBUG - 2025-11-04 17:41:59 --> Session: Class initialized using 'CodeIgniter\Session\Handlers\DatabaseHandler' driver.
DEBUG - 2025-11-04 17:42:01 --> Session: Class initialized using 'CodeIgniter\Session\Handlers\DatabaseHandler' driver.
DEBUG - 2025-11-04 17:42:02 --> Session: Class initialized using 'CodeIgniter\Session\Handlers\DatabaseHandler' driver.
DEBUG - 2025-11-04 17:42:03 --> Session: Class initialized using 'CodeIgniter\Session\Handlers\DatabaseHandler' driver.
DEBUG - 2025-11-04 17:44:57 --> Session: Class initialized using 'CodeIgniter\Session\Handlers\DatabaseHandler' driver.
DEBUG - 2025-11-04 17:45:08 --> Session: Class initialized using 'CodeIgniter\Session\Handlers\DatabaseHandler' driver.
DEBUG - 2025-11-04 17:45:08 --> Session: Class initialized using 'CodeIgniter\Session\Handlers\DatabaseHandler' driver.
DEBUG - 2025-11-04 17:46:04 --> Session: Class initialized using 'CodeIgniter\Session\Handlers\DatabaseHandler' driver.
DEBUG - 2025-11-04 17:51:13 --> Session: Class initialized using 'CodeIgniter\Session\Handlers\DatabaseHandler' driver.
DEBUG - 2025-11-04 17:54:22 --> Session: Class initialized using 'CodeIgniter\Session\Handlers\DatabaseHandler' driver.
DEBUG - 2025-11-04 18:01:03 --> Session: Class initialized using 'CodeIgniter\Session\Handlers\DatabaseHandler' driver.
DEBUG - 2025-11-04 18:01:38 --> Session: Class initialized using 'CodeIgniter\Session\Handlers\DatabaseHandler' driver.
DEBUG - 2025-11-04 18:02:09 --> Session: Class initialized using 'CodeIgniter\Session\Handlers\DatabaseHandler' driver.
